I'm sorry, but errors were detected in your script. Please correct the
errors listed below, and try again.


File "game/script.rpy", line 25: expected 'simple_expression' not found.
    show Ara at with moveinleft
                ^

Ren'Py Version: Ren'Py 7.1.3.1092
Sat Mar 16 18:06:09 2019
